OpenJDK 64-Bit Server VM (25.222-b10) for linux-amd64 JRE (1.8.0_222-8u222-b10-1ubuntu1~18.04.1-b10), built on Jul 18 2019 18:52:48 by "buildd" with gcc 7.4.0
Memory: 4k page, physical 16309740k(2283996k free), swap 7905276k(7874556k free)
CommandLine flags: -XX:CompressedClassSpaceSize=260046848 -XX:GCLogFileSize=3145728 -XX:InitialHeapSize=1366294528 -XX:MaxHeapSize=1366294528 -XX:MaxMetaspaceSize=268435456 -XX:MetaspaceSize=100663296 -XX:NumberOfGCLogFiles=5 -XX:+PrintGC -XX:+PrintGCDateStamps -XX:+PrintGCDetails -XX:+PrintGCTimeStamps -XX:-TraceClassUnloading -XX:+UseCompressedClassPointers -XX:+UseCompressedOops -XX:+UseGCLogFileRotation -XX:+UseParallelGC 
2019-11-01T15:38:50.771-0300: 6,810: [GC (Allocation Failure) [PSYoungGen: 334336K->23825K(389632K)] 334336K->23849K(1280000K), 0,0212066 secs] [Times: user=0,08 sys=0,01, real=0,03 secs] 
2019-11-01T15:41:04.060-0300: 140,099: [GC (Allocation Failure) [PSYoungGen: 358161K->55265K(389632K)] 358185K->57001K(1280000K), 0,0356577 secs] [Times: user=0,12 sys=0,03, real=0,04 secs] 
Heap
 PSYoungGen      total 389632K, used 194924K [0x00000000e4d80000, 0x0000000100000000, 0x0000000100000000)
  eden space 334336K, 41% used [0x00000000e4d80000,0x00000000ed5e2c58,0x00000000f9400000)
  from space 55296K, 99% used [0x00000000fca00000,0x00000000ffff8400,0x0000000100000000)
  to   space 55296K, 0% used [0x00000000f9400000,0x00000000f9400000,0x00000000fca00000)
 ParOldGen       total 890368K, used 1736K [0x00000000ae800000, 0x00000000e4d80000, 0x00000000e4d80000)
  object space 890368K, 0% used [0x00000000ae800000,0x00000000ae9b21e0,0x00000000e4d80000)
 Metaspace       used 59016K, capacity 66376K, committed 66560K, reserved 1105920K
  class space    used 7423K, capacity 9437K, committed 9472K, reserved 1048576K
